                                                           The SAS System                        17:53 Thursday, October 6, 2011   1

                                                         The FREQ Procedure

                                                                                                              Cumulative  Cumulative
CNY                                                                                      Frequency   Percent   Frequency    Percent
------------------------------------------------------------------------------------------------------------------------------------
Cook                                                                                       279539    100.00      279539     100.00  

                                                       Frequency Missing = 2
                                                           The SAS System                        17:53 Thursday, October 6, 2011   2

                                                         The FREQ Procedure

                                                                                                              Cumulative  Cumulative
CNY                                                                                      Frequency   Percent   Frequency    Percent
------------------------------------------------------------------------------------------------------------------------------------
Cook                                                                                       367340    100.00      367340     100.00  

                                                      Frequency Missing = 126
                                                           The SAS System                        17:53 Thursday, October 6, 2011   3

                                                         The FREQ Procedure

                                                                                                              Cumulative  Cumulative
CNY                                                                                      Frequency   Percent   Frequency    Percent
------------------------------------------------------------------------------------------------------------------------------------
Cook                                                                                       400330    100.00      400330     100.00  

                                                      Frequency Missing = 510
                                                           The SAS System                        17:53 Thursday, October 6, 2011   4

                                                         The FREQ Procedure

                                                                                                              Cumulative  Cumulative
CNY                                                                                      Frequency   Percent   Frequency    Percent
------------------------------------------------------------------------------------------------------------------------------------
Cook                                                                                       462300    100.00      462300     100.00  

                                                      Frequency Missing = 1872
                                                           The SAS System                        17:53 Thursday, October 6, 2011   5

                                                         The FREQ Procedure

                                                                                                              Cumulative  Cumulative
CNY                                                                                      Frequency   Percent   Frequency    Percent
------------------------------------------------------------------------------------------------------------------------------------
Cook                                                                                       401835    100.00      401835     100.00  

                                                      Frequency Missing = 3448
                                                           The SAS System                        17:53 Thursday, October 6, 2011   6

                                                         The FREQ Procedure

                                                                                                              Cumulative  Cumulative
CNY                                                                                      Frequency   Percent   Frequency    Percent
------------------------------------------------------------------------------------------------------------------------------------
Cook                                                                                       494618    100.00      494618     100.00  

                                                      Frequency Missing = 2204
                                                           The SAS System                        17:53 Thursday, October 6, 2011   7

                                                         The FREQ Procedure

                                                                                                              Cumulative  Cumulative
CNY                                                                                      Frequency   Percent   Frequency    Percent
------------------------------------------------------------------------------------------------------------------------------------
Cook                                                                                       397624    100.00      397624     100.00  

                                                      Frequency Missing = 1418
